I 00:00:00.000 g/l/j/log/cmdlogger_test.go:22: this is an info message[ctx_key=ctx_val,info_key=info_val]
E 00:00:00.000 g/l/j/log/cmdlogger_test.go:23: EOF[ctx_key=ctx_val] (error without stack trace)
E 00:00:00.000 g/l/j/log/cmdlogger_test.go:24: example error[ctx_key=ctx_val]
  - github.com/luno/jettison/log/cmdlogger_test.go:24 TestCmdLogger
  - testing/testing.go:X tRunner
  - runtime/asm_X.s:X goexit
