{"message":"nil error logged - this is probably a bug","source":"testsource","level":"error","timestamp":"0001-01-01T00:00:00Z","hops":[{"binary":"log.test","stack_trace":["github.com/luno/github-jettison/jettison.go:16 OptionFunc.Apply","github.com/luno/jettison/log/log.go:106 makeLog","github.com/luno/jettison/log/log.go:98 Error","github.com/luno/jettison/log/log_test.go:132 TestError.func1","testing/testing.go:1446 tRunner","runtime/asm_arm64.s:1172 goexit"]}]}
