{"message":"test error","source":"github.com/luno/jettison/log/source_test.go:26","level":"error","timestamp":"0001-01-01T00:00:00Z","hops":[{"binary":"log.test","stack_trace":["github.com/luno/jettison/log/source_test.go:26","testing/testing.go:X","runtime/asm_X.s:X"],"errors":[{"code":"test error","message":"test error","source":"github.com/luno/jettison/log/source_test.go:26"}]}],"error_code":"test error"}
