{"message":"test error","source":"github.com/luno/jettison/log/source_test.go:28","level":"error","timestamp":"0001-01-01T00:00:00Z","error_code":"test error","error_object":{"code":"","source":"github.com/luno/jettison/log/source_test.go:28","message":"test error","stack":["log.test"],"stack_trace":[{"\u003e":["github.com/luno/jettison/log/source_test.go:28 TestSourceError","testing/testing.go:X tRunner","runtime/asm_X.s:X goexit"]}]}}
