[
  "github.com/luno/jettison/errors/stack_test.go:36 stack",
  "github.com/luno/jettison/errors/stack_test.go:38 stack",
  "github.com/luno/jettison/errors/stack_test.go:38 stack",
  "github.com/luno/jettison/errors/stack_test.go:38 stack",
  "github.com/luno/jettison/errors/stack_test.go:38 stack",
  "github.com/luno/jettison/errors/stack_test.go:38 stack",
  "github.com/luno/jettison/errors/stack_test.go:24 TestStack",
  "testing/testing.go:X tRunner",
  "runtime/asm_X.s:X goexit"
]